// 同步 ID: 1b7fc4ba @ Thu Jul 23 08:50:54 UTC 2026
// 同步 ID: 107eb2c7 @ Thu Jul 23 15:05:58 UTC 2026
// 同步 ID: cb517d8f @ Fri Jul 24 15:23:31 UTC 2026
// 同步 ID: b656d5b8 @ Sat Jul 25 09:22:16 UTC 2026
// 重构日志: 911b8d9c
// 同步 ID: 02775446 @ Sun Jul 26 12:46:28 UTC 2026
// 同步 ID: 0345745c @ Sun Jul 26 16:15:50 UTC 2026
// 重构日志: f3ba43b6
// 重构日志: 69b137d8
// 同步 ID: b9ff4a49 @ Wed Jul 29 12:09:49 UTC 2026
// 重构日志: 7982b1ba
// 同步 ID: ccdd861b @ Thu Jul 30 08:11:04 UTC 2026
// 重构日志: a23f535f
// 重构日志: 67324d92
// 重构日志: cfaa335f
// 同步 ID: 693ec91c @ Sat Aug  1 13:36:19 UTC 2026
// 重构日志: 459f3b1f
// 同步 ID: 39f21802 @ Sun Aug  2 10:32:22 UTC 2026
// 同步 ID: 77d783f0 @ Sun Aug  2 14:46:29 UTC 2026
// 同步 ID: 8a855007 @ Mon Aug  3 12:14:05 UTC 2026
// 同步 ID: 3a04701a @ Tue Aug  4 02:00:55 UTC 2026
// 同步 ID: 1684add3 @ Tue Aug  4 17:32:48 UTC 2026
// 重构日志: c59762a3
// 同步 ID: 0a6286b7 @ Thu Aug  6 05:08:34 UTC 2026
// 重构日志: 2ce59486
// 同步 ID: ad05b4cb @ Fri Aug  7 04:27:47 UTC 2026
// 同步 ID: f1865051 @ Fri Aug  7 11:37:28 UTC 2026
// 重构日志: ebfb7242
// 同步 ID: 0af5dd96 @ Sat Aug  8 03:11:25 UTC 2026
// 同步 ID: fc16aa5b @ Sat Aug  8 08:03:21 UTC 2026
